### Step 2A
/c/Users/manog

### Step 2B
$ cd Desktop/


### Step 2C
$ cd unit1-git-practice/

### Step 2D
/c/Users/manog/Desktop/unit1-git-practice


### Step 2E
$ ls


### Step 2F
my-steps.txt


### Step 2G
$ cd ~

### Step 2H
/c/Users/manog


### Step 2I
'3D Objects'/
 AndroidStudioProjects/
 AppData/
'Application Data'@
'Calibre Library'/
 Contacts/
 Cookies@
 Coursera-tests/
'Creative Cloud Files'/
 Desktop/
 Documents/
 Downloads/
 Favorites/
 First.ipynb
 IdeaProjects/
 IntelGraphicsProfiles/
 Links/
'Local Settings'@
 Music/
'My Documents'@
 NTUSER.DAT
 NTUSER.DAT{4332a495-66c6-11ed-9f99-d357196f0227}.TM.blf
 NTUSER.DAT{4332a495-66c6-11ed-9f99-d357196f0227}.TMContainer00000000000000000001.regtrans-ms
 NTUSER.DAT{4332a495-66c6-11ed-9f99-d357196f0227}.TMContainer00000000000000000002.regtrans-ms
 NetHood@
 OneDrive/
 Pictures/
 PrintHood@
 Recent@
'Saved Games'/
 Searches/
 SendTo@
'Start Menu'@
 Templates@
 Untitled.ipynb
 Videos/
 anaconda3/
 github-slideshow/
 ideaIC-2023.2.1.exe*
 ntuser.dat.LOG1
 ntuser.dat.LOG2
 ntuser.ini


### Step 2J
$ cd ~

### Step 2K
$ cd Desktop/
$ cd unit1-git-practice/


### Step 3A
$ mkdir veggies
$ mkdir meats
$ mkdir desserts


### Step 3B
$ mv meats proteins


### Step 3C
cd veggies/


### Step 3D
$ touch carrot.txt
$ touch pea.txt


### Step 3E
cd ..


### Step 3F
cd sweets/
$ touch cookie.txt

### Step 3G
$ mv cookie.txt donut.txt

### Step 3H
cd ..
$ touch thing.txt

### Step 3I
cp -r thing.txt tofu.txt

### Step 3J
$mv tofu.txt proteins

### Step 3K
$cp -r thing.txt crab.txt
$mv crab.txt proteins
$cd proteins
$mv crab.txt meats

### Step 3L
$ cd ..
$rm thing.txt

### Step 3M
$cp -r veggies plants

### Step 3N
mkdir drinks
rm -r drinks


### Step 4
$ git init
Initialized empty Git repository in C:/Users/manog/Desktop/unit1-git-practice/.git/

$ git add .

$ git commit -m 'first commit'
[master (root-commit) 2a3815e] first commit
 8 files changed, 88 insertions(+)
 create mode 100644 my-steps.txt
 create mode 100644 plants/carrot.txt
 create mode 100644 plants/pea.txt
 create mode 100644 proteins/meats/crab.txt
 create mode 100644 proteins/tofu.txt
 create mode 100644 sweets/donut.txt
 create mode 100644 veggies/carrot.txt
 create mode 100644 veggies/pea.txt


### Step 5
$ git remote add origin https://github.com/manojna18/unit1-git-practice.git
$ git branch -M main
$ git push origin main

Enumerating objects: 8, done.
Counting objects: 100% (8/8), done.
Delta compression using up to 8 threads
Compressing objects: 100% (5/5), done.
Writing objects: 100% (8/8), 672 bytes | 336.00 KiB/s, done.
Total 8 (delta 0), reused 0 (delta 0), pack-reused 0
To https://github.com/manojna18/unit1-git-practice.git
 * [new branch]      main -> main


### Step 6
$ git add .
$ git commit -m 'adds further steps'
[main b5e6006] adds further steps
 2 files changed, 105 insertions(+), 14 deletions(-)
 create mode 100644 menu.txt
$ git push --set-upstream origin main
Enumerating objects: 6, done.
Counting objects: 100% (6/6), done.
Delta compression using up to 8 threads
Compressing objects: 100% (3/3), done.
Writing objects: 100% (4/4), 1.49 KiB | 765.00 KiB/s, done.
Total 4 (delta 0), reused 0 (delta 0), pack-reused 0
To https://github.com/manojna18/unit1-git-practice.git
   2a3815e..b5e6006  main -> main
Branch 'main' set up to track remote branch 'main' from 'origin'.


### Step 7
*** DO NOT RECORD STEP 7 ***